<html>
<body>
<pre>
<h1>µVision Build Log</h1>
<h2>Tool Versions:</h2>
IDE-Version: ¦ÌVision V5.27.1.0
Copyright (C) 2019 ARM Ltd and ARM Germany GmbH. All rights reserved.
License Information: white,  , LIC=585FJ-U2XTZ-63EMB-2YAXX-PE1BN-ZPHA7
 
Tool Versions:
Toolchain:       MDK-ARM Plus  Version: 5.36.0.0
Toolchain Path:  C:\Keil_v5\ARM\ARMCC\Bin
C Compiler:      Armcc.exe V5.06 update 7 (build 960)
Assembler:       Armasm.exe V5.06 update 7 (build 960)
Linker/Locator:  ArmLink.exe V5.06 update 7 (build 960)
Library Manager: ArmAr.exe V5.06 update 7 (build 960)
Hex Converter:   FromElf.exe V5.06 update 7 (build 960)
CPU DLL:         SARMCM3.DLL V5.36.0.0
Dialog DLL:      DCM.DLL V1.17.3.0
Target DLL:      STLink\ST-LINKIII-KEIL_SWO.dll V3.0.9.0
Dialog DLL:      TCM.DLL V1.53.0.0
 
<h2>Project:</h2>
D:\my_own_file\usullyuse\hardware\ARMcode&Struction_files\Start_up_files&STL(STM32F407xx)\V5(WorkPlace)\USER\PWM.uvprojx
Project File Date:  10/17/2021

<h2>Output:</h2>
*** Using Compiler 'V5.06 update 7 (build 960)', folder: 'C:\Keil_v5\ARM\ARMCC\Bin'
Rebuild target 'Car'
compiling tim_hcsr04.c...
compiling hcsr04.c...
compiling stm32f4xx_it.c...
compiling system_stm32f4xx.c...
compiling led.c...
compiling control.c...
compiling main.c...
compiling oled.c...
compiling pwm.c...
compiling inrared.c...
compiling motor.c...
compiling SendDataToPC.c...
compiling loop.c...
compiling Time_Arrangement.c...
compiling pid.c...
assembling startup_stm32f40_41xxx.s...
compiling usart.c...
compiling sys.c...
compiling delay.c...
compiling bsp_adc.c...
compiling misc.c...
compiling stm32f4xx_gpio.c...
compiling filter.c...
compiling stm32f4xx_syscfg.c...
compiling stm32f4xx_adc.c...
compiling stm32f4xx_usart.c...
compiling stm32f4xx_crc.c...
compiling stm32f4xx_tim.c...
compiling stm32f4xx_rcc.c...
compiling stm32f4xx_can.c...
compiling stm32f4xx_dbgmcu.c...
compiling stm32f4xx_cryp_des.c...
compiling stm32f4xx_cryp_tdes.c...
compiling stm32f4xx_cryp.c...
compiling stm32f4xx_dac.c...
compiling stm32f4xx_dcmi.c...
compiling stm32f4xx_cryp_aes.c...
compiling stm32f4xx_hash.c...
compiling stm32f4xx_exti.c...
compiling stm32f4xx_flash.c...
compiling stm32f4xx_dma.c...
compiling stm32f4xx_flash_ramfunc.c...
compiling stm32f4xx_dma2d.c...
compiling stm32f4xx_fsmc.c...
compiling stm32f4xx_hash_sha1.c...
compiling stm32f4xx_rng.c...
compiling stm32f4xx_hash_md5.c...
compiling stm32f4xx_iwdg.c...
compiling stm32f4xx_i2c.c...
compiling stm32f4xx_ltdc.c...
compiling stm32f4xx_pwr.c...
compiling stm32f4xx_wwdg.c...
compiling stm32f4xx_spi.c...
compiling mpu6050.c...
compiling stm32f4xx_sai.c...
compiling myiic.c...
compiling stm32f4xx_sdio.c...
compiling stm32f4xx_rtc.c...
compiling mpu_exti.c...
compiling inv_mpu.c...
compiling inv_mpu_dmp_motion_driver.c...
linking...
Program Size: Code=36976 RO-data=3944 RW-data=460 ZI-data=2428  
FromELF: creating hex file...
"..\OBJ\Car.axf" - 0 Error(s), 0 Warning(s).

<h2>Software Packages used:</h2>

Package Vendor: Keil
                http://www.keil.com/pack/Keil.STM32F4xx_DFP.2.15.0.pack
                Keil.STM32F4xx_DFP.2.15.0
                STMicroelectronics STM32F4 Series Device Support, Drivers and Examples

<h2>Collection of Component include folders:</h2>
  .\RTE\_Car
  C:\Users\white\AppData\Local\Arm\Packs\Keil\STM32F4xx_DFP\2.15.0\Drivers\CMSIS\Device\ST\STM32F4xx\Include

<h2>Collection of Component Files used:</h2>
Build Time Elapsed:  00:00:16
</pre>
</body>
</html>
